(let
  (rec)
  (termbind
    (nonstrict)
    (vardecl z (con integer))
    [ [ (builtin addInteger) x ] (con integer 1) ]
  )
  (termbind
    (strict)
    (vardecl x (con integer))
    (let (nonrec) (termbind (strict) (vardecl y (con integer)) z) y)
  )
  x
)