(lam
  x
  (con integer)
  (let
    (rec)
    (termbind
      (nonstrict)
      (vardecl y (con integer))
      [ [ (builtin addInteger) (con integer 3) ] x ]
    )
    [ [ (builtin addInteger) x ] y ]
  )
)