(let
  (nonrec)
  (termbind
    (strict)
    (vardecl a (con integer))
    [ [ (builtin addInteger) (con integer 1) ] (con integer 1) ]
  )
  (let (rec) (termbind (nonstrict) (vardecl b (con integer)) a) b)
)