(lam
  x
  (con integer)
  (let
    (rec)
    (termbind
      (nonstrict)
      (vardecl i (con integer))
      (let
        (nonrec)
        (termbind (strict) (vardecl j (con integer)) (con integer 1))
        [ [ (builtin addInteger) j ] x ]
      )
    )
    i
  )
)