(let
  (rec)
  (termbind (nonstrict) (vardecl y (con integer)) (con integer 1))
  (let
    (nonrec)
    (termbind (strict) (vardecl x (con integer)) [ (lam z (con integer) z) y ])
    (con integer 1)
  )
)